C51 COMPILER V7.06   LED8                                                                  06/18/2021 23:16:31 PAGE 1   


C51 COMPILER V7.06, COMPILATION OF MODULE LED8
OBJECT MODULE PLACED IN led8.OBJ
COMPILER INVOKED BY: C:\Keil\C51\BIN\C51.EXE led8.c BROWSE DEBUG OBJECTEXTEND

stmt level    source

   1          //
   2          // Created by clare on 2021/6/17.
   3          //
   4          
   5          
   6          
   7          #include <reg52.h>
   8          void delay1(int time);
   9          void display(int i, int value);
  10          void set(long jj);
  11          char LED1[] = {0xc0, 0xf9, 0xa4, 0xb0, 0x99, 0x92, 0x82, 0xf8, 0x80, 0x90};
  12          #define dp P0;
  13          //位锁存
  14          sbit LATCH1=P2^2;
  15          //段锁存
  16          sbit LATCH2=P2^3;
  17          
  18          long dt=65712529;
  19          
  20          char light = 0x0;
  21          
  22          int main() {
  23   1          while (1) {
  24   2              long jj;
  25   2              for (jj = dt; jj > 0;jj--) {
  26   3                  set(jj);
  27   3                  delay1(600);
  28   3              }
  29   2          }
  30   1           return 0;
  31   1      }
  32          
  33          
  34          void delay1(int j) {
  35   1          unsigned int i;
  36   1          for(i=0;i<j;i++);
  37   1      
  38   1      }
  39          
  40          char w[]={0xfe, 0xfd, 0xfb, 0xf7, 0xef, 0xdf, 0xbf, 0x7f};
  41          
  42          void display(int i, int value) {
  43   1          P0=w[i];
  44   1          LATCH1=1;
  45   1          LATCH1=0;
  46   1          P0=~LED1[value];
  47   1          LATCH2=1;
  48   1          LATCH2=0;
  49   1      }
  50          
  51          void set(long dtt) {
  52   1          long d = dtt;
  53   1          long j = 7;
  54   1          long value;
  55   1          while (1) {
C51 COMPILER V7.06   LED8                                                                  06/18/2021 23:16:31 PAGE 2   

  56   2              if (d < 10) {
  57   3                  display(j ,d);
  58   3                  delay1(100);
  59   3                  return;
  60   3              }
  61   2              value = d%10;
  62   2              d = d/10;
  63   2              display(j, value);
  64   2              delay1(100);
  65   2              j--;
  66   2          }
  67   1      }


MODULE INFORMATION:   STATIC OVERLAYABLE
   CODE SIZE        =    276    ----
   CONSTANT SIZE    =   ----    ----
   XDATA SIZE       =   ----    ----
   PDATA SIZE       =   ----    ----
   DATA SIZE        =     23      16
   IDATA SIZE       =   ----    ----
   BIT SIZE         =   ----    ----
END OF MODULE INFORMATION.


C51 COMPILATION COMPLETE.  0 WARNING(S),  0 ERROR(S)
